2025-10-21 14:36:19.763  INFO 8960 --- [restartedMain] b.c.t.auth.AuthServiceApplication        : Starting AuthServiceApplication using Java 17.0.12 on DESKTOP-HLR4AN3 with PID 8960 (C:\Users\tonyp\OneDrive\Documentos\curso_java\workspace\microsservicos-atendimento\auth-service\target\classes started by tonyp in C:\Users\tonyp\OneDrive\Documentos\curso_java\workspace\microsservicos-atendimento\auth-service)
2025-10-21 14:36:19.773  INFO 8960 --- [restartedMain] b.c.t.auth.AuthServiceApplication        : No active profile set, falling back to 1 default profile: "default"
2025-10-21 14:36:19.845  INFO 8960 --- [restartedMain] .e.DevToolsPropertyDefaultsPostProcessor : Devtools property defaults active! Set 'spring.devtools.add-properties' to 'false' to disable
2025-10-21 14:36:19.846  INFO 8960 --- [restartedMain] .e.DevToolsPropertyDefaultsPostProcessor : For additional web related logging consider setting the 'logging.level.web' property to 'DEBUG'
2025-10-21 14:36:21.029  INFO 8960 --- [restartedMain] .s.d.r.c.RepositoryConfigurationDelegate : Bootstrapping Spring Data JPA repositories in DEFAULT mode.
2025-10-21 14:36:21.110  INFO 8960 --- [restartedMain] .s.d.r.c.RepositoryConfigurationDelegate : Finished Spring Data repository scanning in 71 ms. Found 4 JPA repository interfaces.
2025-10-21 14:36:21.394  INFO 8960 --- [restartedMain] o.s.cloud.context.scope.GenericScope     : BeanFactory id=83e48952-868d-35ad-aa4b-49daaa187751
2025-10-21 14:36:22.049  INFO 8960 --- [restartedMain] o.s.b.w.embedded.tomcat.TomcatWebServer  : Tomcat initialized with port(s): 8082 (http)
2025-10-21 14:36:22.062  INFO 8960 --- [restartedMain] o.apache.catalina.core.StandardService   : Starting service [Tomcat]
2025-10-21 14:36:22.063  INFO 8960 --- [restartedMain] org.apache.catalina.core.StandardEngine  : Starting Servlet engine: [Apache Tomcat/9.0.63]
2025-10-21 14:36:22.179  INFO 8960 --- [restartedMain] o.a.c.c.C.[Tomcat].[localhost].[/]       : Initializing Spring embedded WebApplicationContext
2025-10-21 14:36:22.180  INFO 8960 --- [restartedMain] w.s.c.ServletWebServerApplicationContext : Root WebApplicationContext: initialization completed in 2333 ms
2025-10-21 14:36:22.417  INFO 8960 --- [restartedMain] o.hibernate.jpa.internal.util.LogHelper  : HHH000204: Processing PersistenceUnitInfo [name: default]
2025-10-21 14:36:22.480  INFO 8960 --- [restartedMain] org.hibernate.Version                    : HHH000412: Hibernate ORM core version 5.6.9.Final
2025-10-21 14:36:22.672  INFO 8960 --- [restartedMain] o.hibernate.annotations.common.Version   : HCANN000001: Hibernate Commons Annotations {5.1.2.Final}
2025-10-21 14:36:22.785  INFO 8960 --- [restartedMain] com.zaxxer.hikari.HikariDataSource       : HikariPool-1 - Starting...
2025-10-21 14:36:22.978  INFO 8960 --- [restartedMain] com.zaxxer.hikari.HikariDataSource       : HikariPool-1 - Start completed.
2025-10-21 14:36:23.010  INFO 8960 --- [restartedMain] org.hibernate.dialect.Dialect            : HHH000400: Using dialect: org.hibernate.dialect.PostgreSQLDialect
2025-10-21 14:36:23.811  INFO 8960 --- [restartedMain] o.h.e.t.j.p.i.JtaPlatformInitiator       : HHH000490: Using JtaPlatform implementation: [org.hibernate.engine.transaction.jta.platform.internal.NoJtaPlatform]
2025-10-21 14:36:23.821  INFO 8960 --- [restartedMain] j.LocalContainerEntityManagerFactoryBean : Initialized JPA EntityManagerFactory for persistence unit 'default'
2025-10-21 14:36:24.417  WARN 8960 --- [restartedMain] JpaBaseConfiguration$JpaWebConfiguration : spring.jpa.open-in-view is enabled by default. Therefore, database queries may be performed during view rendering. Explicitly configure spring.jpa.open-in-view to disable this warning
2025-10-21 14:36:24.475  WARN 8960 --- [restartedMain] o.s.b.d.a.OptionalLiveReloadServer       : Unable to start LiveReload server
2025-10-21 14:36:24.998  WARN 8960 --- [restartedMain] .s.s.UserDetailsServiceAutoConfiguration : 

Using generated security password: f2ac1ea6-06a4-4a37-815b-159707dfb7e3

This generated password is for development use only. Your security configuration must be updated before running your application in production.

2025-10-21 14:36:25.143  INFO 8960 --- [restartedMain] o.s.s.web.DefaultSecurityFilterChain     : Will secure any request with [org.springframework.security.web.session.DisableEncodeUrlFilter@42253309, org.springframework.security.web.context.request.async.WebAsyncManagerIntegrationFilter@6cea9f7b, org.springframework.security.web.context.SecurityContextPersistenceFilter@1fd6539, org.springframework.security.web.header.HeaderWriterFilter@3c6acaea, org.springframework.security.web.authentication.logout.LogoutFilter@45042626, br.com.tonypool.auth.security.JwtSecurity@3b642216, org.springframework.security.web.savedrequest.RequestCacheAwareFilter@4e07e707, org.springframework.security.web.servletapi.SecurityContextHolderAwareRequestFilter@1020c442, org.springframework.security.web.authentication.AnonymousAuthenticationFilter@3fc98aa2, org.springframework.security.web.session.SessionManagementFilter@11921497, org.springframework.security.web.access.ExceptionTranslationFilter@6c600d08, org.springframework.security.web.access.intercept.FilterSecurityInterceptor@1376d3be]
2025-10-21 14:36:25.154  WARN 8960 --- [restartedMain] o.s.s.c.a.web.builders.WebSecurity       : You are asking Spring Security to ignore Ant [pattern='/v2/api-docs']. This is not recommended -- please use permitAll via HttpSecurity#authorizeHttpRequests instead.
2025-10-21 14:36:25.155  INFO 8960 --- [restartedMain] o.s.s.web.DefaultSecurityFilterChain     : Will not secure Ant [pattern='/v2/api-docs']
2025-10-21 14:36:25.155  WARN 8960 --- [restartedMain] o.s.s.c.a.web.builders.WebSecurity       : You are asking Spring Security to ignore Ant [pattern='/swagger-resources']. This is not recommended -- please use permitAll via HttpSecurity#authorizeHttpRequests instead.
2025-10-21 14:36:25.156  INFO 8960 --- [restartedMain] o.s.s.web.DefaultSecurityFilterChain     : Will not secure Ant [pattern='/swagger-resources']
2025-10-21 14:36:25.156  WARN 8960 --- [restartedMain] o.s.s.c.a.web.builders.WebSecurity       : You are asking Spring Security to ignore Ant [pattern='/swagger-resources/**']. This is not recommended -- please use permitAll via HttpSecurity#authorizeHttpRequests instead.
2025-10-21 14:36:25.156  INFO 8960 --- [restartedMain] o.s.s.web.DefaultSecurityFilterChain     : Will not secure Ant [pattern='/swagger-resources/**']
2025-10-21 14:36:25.156  WARN 8960 --- [restartedMain] o.s.s.c.a.web.builders.WebSecurity       : You are asking Spring Security to ignore Ant [pattern='/configuration/ui']. This is not recommended -- please use permitAll via HttpSecurity#authorizeHttpRequests instead.
2025-10-21 14:36:25.157  INFO 8960 --- [restartedMain] o.s.s.web.DefaultSecurityFilterChain     : Will not secure Ant [pattern='/configuration/ui']
2025-10-21 14:36:25.157  WARN 8960 --- [restartedMain] o.s.s.c.a.web.builders.WebSecurity       : You are asking Spring Security to ignore Ant [pattern='/configuration/security']. This is not recommended -- please use permitAll via HttpSecurity#authorizeHttpRequests instead.
2025-10-21 14:36:25.157  INFO 8960 --- [restartedMain] o.s.s.web.DefaultSecurityFilterChain     : Will not secure Ant [pattern='/configuration/security']
2025-10-21 14:36:25.157  WARN 8960 --- [restartedMain] o.s.s.c.a.web.builders.WebSecurity       : You are asking Spring Security to ignore Ant [pattern='/swagger-ui.html']. This is not recommended -- please use permitAll via HttpSecurity#authorizeHttpRequests instead.
2025-10-21 14:36:25.157  INFO 8960 --- [restartedMain] o.s.s.web.DefaultSecurityFilterChain     : Will not secure Ant [pattern='/swagger-ui.html']
2025-10-21 14:36:25.157  WARN 8960 --- [restartedMain] o.s.s.c.a.web.builders.WebSecurity       : You are asking Spring Security to ignore Ant [pattern='/webjars/**']. This is not recommended -- please use permitAll via HttpSecurity#authorizeHttpRequests instead.
2025-10-21 14:36:25.157  INFO 8960 --- [restartedMain] o.s.s.web.DefaultSecurityFilterChain     : Will not secure Ant [pattern='/webjars/**']
2025-10-21 14:36:25.158  WARN 8960 --- [restartedMain] o.s.s.c.a.web.builders.WebSecurity       : You are asking Spring Security to ignore Ant [pattern='/v3/api-docs/**']. This is not recommended -- please use permitAll via HttpSecurity#authorizeHttpRequests instead.
2025-10-21 14:36:25.158  INFO 8960 --- [restartedMain] o.s.s.web.DefaultSecurityFilterChain     : Will not secure Ant [pattern='/v3/api-docs/**']
2025-10-21 14:36:25.158  WARN 8960 --- [restartedMain] o.s.s.c.a.web.builders.WebSecurity       : You are asking Spring Security to ignore Ant [pattern='/swagger-ui/**']. This is not recommended -- please use permitAll via HttpSecurity#authorizeHttpRequests instead.
2025-10-21 14:36:25.158  INFO 8960 --- [restartedMain] o.s.s.web.DefaultSecurityFilterChain     : Will not secure Ant [pattern='/swagger-ui/**']
2025-10-21 14:36:25.782  INFO 8960 --- [restartedMain] o.s.b.w.embedded.tomcat.TomcatWebServer  : Tomcat started on port(s): 8082 (http) with context path ''
2025-10-21 14:36:26.170  INFO 8960 --- [restartedMain] b.c.t.auth.AuthServiceApplication        : Started AuthServiceApplication in 7.102 seconds (JVM running for 8.23)
